// Jest Snapshot v1, https://goo.gl/fbAQLP

exports[`Answer options should match the snapshot 1`] = `ShallowWrapper {}`;

exports[`Login should match the snapshot 1`] = `undefined`;
