// Jest Snapshot v1, https://goo.gl/fbAQLP

exports[`Choose number of questions should match the snapshot 1`] = `ShallowWrapper {}`;
