// Jest Snapshot v1, https://goo.gl/fbAQLP

exports[`Stattistics should match the snapshot 1`] = `ShallowWrapper {}`;
