// Jest Snapshot v1, https://goo.gl/fbAQLP

exports[`Login should match the snapshot 1`] = `ShallowWrapper {}`;

exports[`NavBar should match the snapshot 1`] = `ShallowWrapper {}`;
