// Jest Snapshot v1, https://goo.gl/fbAQLP

exports[`Quiz step should match the snapshot 1`] = `ShallowWrapper {}`;
